w25qxx_qspi.c:18:6:w25qxx_Init	8	static
w25qxx_qspi.c:28:10:w25qxx_GetID	40	static
w25qxx_qspi.c:48:9:w25qxx_ReadSR	48	static
w25qxx_qspi.c:63:9:w25qxx_WriteSR	40	static
w25qxx_qspi.c:73:9:w25qxx_ReadAllStatusReg	8	static
w25qxx_qspi.c:88:6:W25QXX_Wait_Busy	8	static
w25qxx_qspi.c:94:9:w25qxx_SetReadParameters	48	static
w25qxx_qspi.c:106:9:w25qxx_EnterQPI	8	static
w25qxx_qspi.c:122:9:w25qxx_Startup	16	static
w25qxx_qspi.c:132:9:W25qxx_WriteEnable	8	static
w25qxx_qspi.c:141:9:W25qxx_EraseSector	48	static
w25qxx_qspi.c:164:9:W25qxx_EraseBlock	48	static
w25qxx_qspi.c:187:9:W25qxx_EraseChip	40	static
w25qxx_qspi.c:212:9:W25qxx_PageProgram	56	static
w25qxx_qspi.c:232:9:W25qxx_Read	88	static
w25qxx_qspi.c:276:6:W25qxx_WriteNoCheck	32	static
w25qxx_qspi.c:305:6:W25qxx_Write	4136	static
w25qxx_qspi.c:364:17:QSPI_EnableMemoryMappedMode	80	static
w25qxx_qspi.c:423:17:QSPI_ResetDevice	72	static
w25qxx_qspi.c:468:16:QSPI_Send_CMD	80	static
w25qxx_qspi.c:503:17:QSPI_EnterFourBytesAddress	72	static
w25qxx_qspi.c:544:17:QSPI_WriteEnable	96	static
w25qxx_qspi.c:598:17:QSPI_AutoPollingMemReady	96	static
w25qxx_qspi.c:642:16:QSPI_EnterQPI	48	static
